Brest debug log
[club] team='Brest' comp='France. Ligue 1' chosen_key=('Brest', 'France. Ligue 1') tm_id=3911 tm_name='Stade Brestois' method=dict score=100
[player] team='Brest' comp='France. Ligue 1' calendar='2025/2026' candidates=24 matched_id=1237907 matched_name='Saliou Diop' method=age_assisted score=86 age_diff=0
[player] team='Brest' comp='France. Ligue 1' calendar='2025/2026' candidates=24 matched_id=1030153 matched_name='Justin Bourgault' method=age_assisted score=86 age_diff=0
[player] team='Brest' comp='France. Ligue 1' calendar='2025/2026' candidates=24 matched_id=1200289 matched_name='Hamidou Makalou' method=age_assisted score=86 age_diff=0
[player] team='Brest' comp='France. Ligue 1' calendar='2025/2026' candidates=24 matched_id=None matched_name=None method=unmatched score=0 age_diff=None
[player] team='Brest' comp='France. Ligue 1' calendar='2025/2026' candidates=24 matched_id=None matched_name=None method=unmatched score=0 age_diff=None
[player] team='Brest' comp='France. Ligue 1' calendar='2025/2026' candidates=24 matched_id=None matched_name=None method=unmatched score=0 age_diff=None
[player] team='Brest' comp='France. Ligue 1' calendar='2025/2026' candidates=24 matched_id=671594 matched_name='Kamory Doumbia' method=age_assisted score=84 age_diff=0
[player] team='Brest' comp='France. Ligue 1' calendar='2025/2026' candidates=24 matched_id=None matched_name=None method=unmatched score=0 age_diff=None
[player] team='Brest' comp='France. Ligue 1' calendar='2025/2026' candidates=24 matched_id=917778 matched_name='Rémy Labeau Lascary' method=fuzzy_name score=94 age_diff=0
[player] team='Brest' comp='France. Ligue 1' calendar='2025/2026' candidates=24 matched_id=805908 matched_name='Bradley Locko' method=age_assisted score=86 age_diff=0
[player] team='Brest' comp='France. Ligue 1' calendar='2025/2026' candidates=24 matched_id=1009596 matched_name='Junior Diaz' method=age_assisted score=86 age_diff=0
[player] team='Brest' comp='France. Ligue 1' calendar='2025/2026' candidates=24 matched_id=659513 matched_name='Soumaïla Coulibaly' method=age_assisted score=86 age_diff=0
[player] team='Brest' comp='France. Ligue 1' calendar='2025/2026' candidates=24 matched_id=624037 matched_name='Joris Chotard' method=age_assisted score=84 age_diff=0
[player] team='Brest' comp='France. Ligue 1' calendar='2025/2026' candidates=24 matched_id=671590 matched_name='Daouda Guindo' method=age_assisted score=82 age_diff=0
[player] team='Brest' comp='France. Ligue 1' calendar='2025/2026' candidates=24 matched_id=None matched_name=None method=unmatched score=0 age_diff=None
[player] team='Brest' comp='France. Ligue 1' calendar='2025/2026' candidates=24 matched_id=250779 matched_name='Brendan Chardonnet' method=age_assisted score=86 age_diff=-1
[player] team='Brest' comp='France. Ligue 1' calendar='2025/2026' candidates=24 matched_id=283994 matched_name='Ludovic Ajorque' method=age_assisted score=86 age_diff=0
[player] team='Brest' comp='France. Ligue 1' calendar='2025/2026' candidates=24 matched_id=353399 matched_name='Romain Del Castillo' method=age_assisted score=87 age_diff=0
[player] team='Brest' comp='France. Ligue 1' calendar='2025/2026' candidates=24 matched_id=325223 matched_name='Mama Baldé' method=exact score=100 age_diff=0
[player] team='Brest' comp='France. Ligue 1' calendar='2025/2026' candidates=24 matched_id=353948 matched_name='Lucas Tousart' method=age_assisted score=84 age_diff=0
[player] team='Brest' comp='France. Ligue 1' calendar='2025/2026' candidates=24 matched_id=346546 matched_name='Radoslaw Majecki' method=age_assisted score=86 age_diff=-1
[player] team='Brest' comp='France. Ligue 1' calendar='2025/2026' candidates=24 matched_id=525155 matched_name='Grégoire Coudert' method=age_assisted score=86 age_diff=0
[player] team='Brest' comp='France. Ligue 1' calendar='2025/2026' candidates=24 matched_id=794349 matched_name='Julien Le Cardinal' method=age_assisted score=87 age_diff=0
[player] team='Brest' comp='France. Ligue 1' calendar='2025/2026' candidates=24 matched_id=474662 matched_name='Hugo Magnetti' method=age_assisted score=85 age_diff=0
[player] team='Brest' comp='France. Ligue 1' calendar='2025/2026' candidates=24 matched_id=536482 matched_name='Junior Dina Ebimbe' method=age_assisted score=87 age_diff=-1
